--------------------------------------------------------------------------------
Release 13.4 Trace  (nt)
Copyright (c) 1995-2011 Xilinx, Inc.  All rights reserved.

C:\Xilinx\13.4\ISE_DS\ISE\bin\nt\unwrapped\trce.exe -intstyle ise -v 3 -s 4 -n
3 -fastpaths -xml Top.twx Top.ncd -o Top.twr Top.pcf -ucf top.ucf

Design file:              Top.ncd
Physical constraint file: Top.pcf
Device,package,speed:     xc3s500e,fg320,-4 (PRODUCTION 1.27 2012-01-07)
Report level:             verbose report

Environment Variable      Effect 
--------------------      ------ 
NONE                      No environment variables were set
--------------------------------------------------------------------------------

INFO:Timing:2698 - No timing constraints found, doing default enumeration.
INFO:Timing:3412 - To improve timing, see the Timing Closure User Guide (UG612).
INFO:Timing:2752 - To get complete path coverage, use the unconstrained paths 
   option. All paths that are not constrained will be reported in the 
   unconstrained paths section(s) of the report.
INFO:Timing:3339 - The clock-to-out numbers in this timing report are based on 
   a 50 Ohm transmission line loading model.  For the details of this model, 
   and for more information on accounting for different loading conditions, 
   please see the device datasheet.
INFO:Timing:3390 - This architecture does not support a default System Jitter 
   value, please add SYSTEM_JITTER constraint to the UCF to modify the Clock 
   Uncertainty calculation.
INFO:Timing:3389 - This architecture does not support 'Discrete Jitter' and 
   'Phase Error' calculations, these terms will be zero in the Clock 
   Uncertainty calculation.  Please make appropriate modification to 
   SYSTEM_JITTER to account for the unsupported Discrete Jitter and Phase 
   Error.



Data Sheet report:
-----------------
All values displayed in nanoseconds (ns)

Clock to Setup on destination clock SWITCH<3>
---------------+---------+---------+---------+---------+
               | Src:Rise| Src:Fall| Src:Rise| Src:Fall|
Source Clock   |Dest:Rise|Dest:Rise|Dest:Fall|Dest:Fall|
---------------+---------+---------+---------+---------+
SWITCH<3>      |         |         |   10.382|   10.382|
---------------+---------+---------+---------+---------+

Clock to Setup on destination clock mainClock
---------------+---------+---------+---------+---------+
               | Src:Rise| Src:Fall| Src:Rise| Src:Fall|
Source Clock   |Dest:Rise|Dest:Rise|Dest:Fall|Dest:Fall|
---------------+---------+---------+---------+---------+
mainClock      |    4.299|         |         |         |
---------------+---------+---------+---------+---------+

Pad to Pad
---------------+---------------+---------+
Source Pad     |Destination Pad|  Delay  |
---------------+---------------+---------+
SWITCH<0>      |LED<0>         |   11.049|
SWITCH<0>      |LED<1>         |    9.455|
SWITCH<0>      |LED<2>         |   13.250|
SWITCH<0>      |LED<3>         |   13.181|
SWITCH<0>      |LED<4>         |   12.883|
SWITCH<0>      |LED<5>         |   14.192|
SWITCH<0>      |LED<6>         |   13.251|
SWITCH<0>      |LED<7>         |   14.058|
SWITCH<1>      |LED<0>         |   10.944|
SWITCH<1>      |LED<1>         |   11.694|
SWITCH<1>      |LED<2>         |   13.474|
SWITCH<1>      |LED<3>         |   14.229|
SWITCH<1>      |LED<4>         |   13.344|
SWITCH<1>      |LED<5>         |   14.392|
SWITCH<1>      |LED<6>         |   13.936|
SWITCH<1>      |LED<7>         |   14.979|
SWITCH<2>      |LED<0>         |   10.212|
SWITCH<2>      |LED<1>         |   10.633|
SWITCH<2>      |LED<2>         |   12.605|
SWITCH<2>      |LED<3>         |   12.500|
SWITCH<2>      |LED<4>         |   11.848|
SWITCH<2>      |LED<5>         |   12.663|
SWITCH<2>      |LED<6>         |   12.216|
SWITCH<2>      |LED<7>         |   13.250|
SWITCH<3>      |LED<1>         |   15.524|
SWITCH<3>      |LED<2>         |   11.966|
SWITCH<3>      |LED<5>         |   13.887|
---------------+---------------+---------+


Analysis completed Wed Nov 29 14:11:52 2017 
--------------------------------------------------------------------------------

Trace Settings:
-------------------------
Trace Settings 

Peak Memory Usage: 119 MB



